The below information was taken on Thu Oct 16 03:57:01 PM EDT 2025
Uptime:
 15:57:01 up  7:48,  2 users,  load average: 0.77, 1.17, 1.13
Memory Usage:
               total        used        free      shared  buff/cache   available
Mem:           3.3Gi       2.0Gi       282Mi        82Mi       1.1Gi       1.3Gi
Swap:          3.2Gi        58Mi       3.2Gi
Disk Usage:
Filesystem      Size  Used Avail Use% Mounted on
tmpfs           336M  2.4M  334M   1% /run
/dev/sda2        20G   11G  7.9G  58% /
tmpfs           1.7G     0  1.7G   0% /dev/shm
tmpfs           5.0M  8.0K  5.0M   1% /run/lock
tmpfs           1.7G   13M  1.7G   1% /tmp
/dev/sr0        100M  100M     0 100% /media/sysadmin/CDROM
tmpfs           1.0M     0  1.0M   0% /run/credentials/systemd-journald.service
tmpfs           1.0M     0  1.0M   0% /run/credentials/systemd-resolved.service
tmpfs           336M  136K  336M   1% /run/user/1000
The below information was taken on Thu Oct 16 03:58:01 PM EDT 2025
Uptime:
 15:58:01 up  7:49,  2 users,  load average: 0.56, 1.06, 1.09
Memory Usage:
               total        used        free      shared  buff/cache   available
Mem:           3.3Gi       2.1Gi       204Mi        82Mi       1.1Gi       1.2Gi
Swap:          3.2Gi        58Mi       3.2Gi
Disk Usage:
Filesystem      Size  Used Avail Use% Mounted on
tmpfs           336M  2.4M  334M   1% /run
/dev/sda2        20G   11G  7.9G  58% /
tmpfs           1.7G     0  1.7G   0% /dev/shm
tmpfs           5.0M  8.0K  5.0M   1% /run/lock
tmpfs           1.7G   13M  1.7G   1% /tmp
/dev/sr0        100M  100M     0 100% /media/sysadmin/CDROM
tmpfs           1.0M     0  1.0M   0% /run/credentials/systemd-journald.service
tmpfs           1.0M     0  1.0M   0% /run/credentials/systemd-resolved.service
tmpfs           336M  136K  336M   1% /run/user/1000
The below information was taken on Thu Oct 16 03:59:02 PM EDT 2025
Uptime:
 15:59:02 up  7:50,  2 users,  load average: 1.17, 1.12, 1.11
Memory Usage:
               total        used        free      shared  buff/cache   available
Mem:           3.3Gi       2.1Gi       209Mi        83Mi       1.1Gi       1.2Gi
Swap:          3.2Gi        58Mi       3.2Gi
Disk Usage:
Filesystem      Size  Used Avail Use% Mounted on
tmpfs           336M  2.4M  334M   1% /run
/dev/sda2        20G   11G  7.9G  58% /
tmpfs           1.7G     0  1.7G   0% /dev/shm
tmpfs           5.0M  8.0K  5.0M   1% /run/lock
tmpfs           1.7G   13M  1.7G   1% /tmp
/dev/sr0        100M  100M     0 100% /media/sysadmin/CDROM
tmpfs           1.0M     0  1.0M   0% /run/credentials/systemd-journald.service
tmpfs           1.0M     0  1.0M   0% /run/credentials/systemd-resolved.service
tmpfs           336M  136K  336M   1% /run/user/1000
The below information was taken on Thu Oct 16 04:00:01 PM EDT 2025
Uptime:
 16:00:01 up  7:51,  2 users,  load average: 0.81, 1.03, 1.08
Memory Usage:
               total        used        free      shared  buff/cache   available
Mem:           3.3Gi       2.1Gi       164Mi        83Mi       1.1Gi       1.2Gi
Swap:          3.2Gi        52Mi       3.2Gi
Disk Usage:
Filesystem      Size  Used Avail Use% Mounted on
tmpfs           336M  2.4M  334M   1% /run
/dev/sda2        20G   11G  8.0G  58% /
tmpfs           1.7G     0  1.7G   0% /dev/shm
tmpfs           5.0M  8.0K  5.0M   1% /run/lock
tmpfs           1.7G   13M  1.7G   1% /tmp
/dev/sr0        100M  100M     0 100% /media/sysadmin/CDROM
tmpfs           1.0M     0  1.0M   0% /run/credentials/systemd-journald.service
tmpfs           1.0M     0  1.0M   0% /run/credentials/systemd-resolved.service
tmpfs           336M  136K  336M   1% /run/user/1000
The below information was taken on Thu Oct 16 04:01:01 PM EDT 2025
Uptime:
 16:01:01 up  7:52,  2 users,  load average: 0.53, 0.92, 1.04
Memory Usage:
               total        used        free      shared  buff/cache   available
Mem:           3.3Gi       2.1Gi       187Mi        82Mi       1.1Gi       1.2Gi
Swap:          3.2Gi        52Mi       3.2Gi
Disk Usage:
Filesystem      Size  Used Avail Use% Mounted on
tmpfs           336M  2.4M  334M   1% /run
/dev/sda2        20G   11G  8.0G  58% /
tmpfs           1.7G     0  1.7G   0% /dev/shm
tmpfs           5.0M  8.0K  5.0M   1% /run/lock
tmpfs           1.7G   13M  1.7G   1% /tmp
/dev/sr0        100M  100M     0 100% /media/sysadmin/CDROM
tmpfs           1.0M     0  1.0M   0% /run/credentials/systemd-journald.service
tmpfs           1.0M     0  1.0M   0% /run/credentials/systemd-resolved.service
tmpfs           336M  136K  336M   1% /run/user/1000
The below information was taken on Thu Oct 16 04:02:01 PM EDT 2025
Uptime:
 16:02:01 up  7:53,  2 users,  load average: 1.47, 1.11, 1.10
Memory Usage:
               total        used        free      shared  buff/cache   available
Mem:           3.3Gi       2.1Gi       184Mi        82Mi       1.1Gi       1.2Gi
Swap:          3.2Gi        52Mi       3.2Gi
Disk Usage:
Filesystem      Size  Used Avail Use% Mounted on
tmpfs           336M  2.4M  334M   1% /run
/dev/sda2        20G   11G  8.0G  58% /
tmpfs           1.7G     0  1.7G   0% /dev/shm
tmpfs           5.0M  8.0K  5.0M   1% /run/lock
tmpfs           1.7G   13M  1.7G   1% /tmp
/dev/sr0        100M  100M     0 100% /media/sysadmin/CDROM
tmpfs           1.0M     0  1.0M   0% /run/credentials/systemd-journald.service
tmpfs           1.0M     0  1.0M   0% /run/credentials/systemd-resolved.service
tmpfs           336M  136K  336M   1% /run/user/1000
The below information was taken on Thu Oct 16 04:03:01 PM EDT 2025
Uptime:
 16:03:01 up  7:54,  2 users,  load average: 1.31, 1.15, 1.11
Memory Usage:
               total        used        free      shared  buff/cache   available
Mem:           3.3Gi       2.0Gi       269Mi        82Mi       1.1Gi       1.3Gi
Swap:          3.2Gi        52Mi       3.2Gi
Disk Usage:
Filesystem      Size  Used Avail Use% Mounted on
tmpfs           336M  2.4M  334M   1% /run
/dev/sda2        20G   11G  8.0G  58% /
tmpfs           1.7G     0  1.7G   0% /dev/shm
tmpfs           5.0M  8.0K  5.0M   1% /run/lock
tmpfs           1.7G   13M  1.7G   1% /tmp
/dev/sr0        100M  100M     0 100% /media/sysadmin/CDROM
tmpfs           1.0M     0  1.0M   0% /run/credentials/systemd-journald.service
tmpfs           1.0M     0  1.0M   0% /run/credentials/systemd-resolved.service
tmpfs           336M  136K  336M   1% /run/user/1000
The below information was taken on Thu Oct 16 04:04:01 PM EDT 2025
Uptime:
 16:04:01 up  7:55,  2 users,  load average: 0.83, 1.04, 1.07
Memory Usage:
               total        used        free      shared  buff/cache   available
Mem:           3.3Gi       2.0Gi       248Mi        82Mi       1.1Gi       1.2Gi
Swap:          3.2Gi        52Mi       3.2Gi
Disk Usage:
Filesystem      Size  Used Avail Use% Mounted on
tmpfs           336M  2.4M  334M   1% /run
/dev/sda2        20G   11G  8.0G  58% /
tmpfs           1.7G     0  1.7G   0% /dev/shm
tmpfs           5.0M  8.0K  5.0M   1% /run/lock
tmpfs           1.7G   13M  1.7G   1% /tmp
/dev/sr0        100M  100M     0 100% /media/sysadmin/CDROM
tmpfs           1.0M     0  1.0M   0% /run/credentials/systemd-journald.service
tmpfs           1.0M     0  1.0M   0% /run/credentials/systemd-resolved.service
tmpfs           336M  136K  336M   1% /run/user/1000
The below information was taken on Thu Oct 16 04:05:01 PM EDT 2025
Uptime:
 16:05:01 up  7:56,  2 users,  load average: 0.85, 1.02, 1.06
Memory Usage:
               total        used        free      shared  buff/cache   available
Mem:           3.3Gi       2.0Gi       266Mi        82Mi       1.1Gi       1.3Gi
Swap:          3.2Gi        52Mi       3.2Gi
Disk Usage:
Filesystem      Size  Used Avail Use% Mounted on
tmpfs           336M  2.4M  334M   1% /run
/dev/sda2        20G   11G  8.0G  58% /
tmpfs           1.7G     0  1.7G   0% /dev/shm
tmpfs           5.0M  8.0K  5.0M   1% /run/lock
tmpfs           1.7G   13M  1.7G   1% /tmp
/dev/sr0        100M  100M     0 100% /media/sysadmin/CDROM
tmpfs           1.0M     0  1.0M   0% /run/credentials/systemd-journald.service
tmpfs           1.0M     0  1.0M   0% /run/credentials/systemd-resolved.service
tmpfs           336M  136K  336M   1% /run/user/1000
The below information was taken on Thu Oct 16 04:06:02 PM EDT 2025
Uptime:
 16:06:02 up  7:57,  2 users,  load average: 1.35, 1.08, 1.08
Memory Usage:
               total        used        free      shared  buff/cache   available
Mem:           3.3Gi       2.0Gi       264Mi        82Mi       1.1Gi       1.3Gi
Swap:          3.2Gi        52Mi       3.2Gi
Disk Usage:
Filesystem      Size  Used Avail Use% Mounted on
tmpfs           336M  2.4M  334M   1% /run
/dev/sda2        20G   11G  8.0G  58% /
tmpfs           1.7G     0  1.7G   0% /dev/shm
tmpfs           5.0M  8.0K  5.0M   1% /run/lock
tmpfs           1.7G   13M  1.7G   1% /tmp
/dev/sr0        100M  100M     0 100% /media/sysadmin/CDROM
tmpfs           1.0M     0  1.0M   0% /run/credentials/systemd-journald.service
tmpfs           1.0M     0  1.0M   0% /run/credentials/systemd-resolved.service
tmpfs           336M  136K  336M   1% /run/user/1000
The below information was taken on Thu Oct 16 04:29:19 PM EDT 2025
Uptime:
 16:29:19 up  7:58,  2 users,  load average: 0.64, 0.92, 1.02
Memory Usage:
               total        used        free      shared  buff/cache   available
Mem:           3.3Gi       2.1Gi       163Mi        82Mi       1.1Gi       1.2Gi
Swap:          3.2Gi        52Mi       3.2Gi
Disk Usage:
Filesystem      Size  Used Avail Use% Mounted on
tmpfs           336M  2.4M  334M   1% /run
/dev/sda2        20G   11G  8.0G  58% /
tmpfs           1.7G     0  1.7G   0% /dev/shm
tmpfs           5.0M  8.0K  5.0M   1% /run/lock
tmpfs           1.7G   13M  1.7G   1% /tmp
/dev/sr0        100M  100M     0 100% /media/sysadmin/CDROM
tmpfs           1.0M     0  1.0M   0% /run/credentials/systemd-journald.service
tmpfs           1.0M     0  1.0M   0% /run/credentials/systemd-resolved.service
tmpfs           336M  136K  336M   1% /run/user/1000
The below information was taken on Thu Oct 16 04:30:01 PM EDT 2025
Uptime:
 16:30:01 up  7:58,  2 users,  load average: 0.65, 0.87, 1.00
Memory Usage:
               total        used        free      shared  buff/cache   available
Mem:           3.3Gi       1.9Gi       386Mi        82Mi       1.1Gi       1.4Gi
Swap:          3.2Gi        52Mi       3.2Gi
Disk Usage:
Filesystem      Size  Used Avail Use% Mounted on
tmpfs           336M  2.4M  334M   1% /run
/dev/sda2        20G   11G  8.0G  58% /
tmpfs           1.7G     0  1.7G   0% /dev/shm
tmpfs           5.0M  8.0K  5.0M   1% /run/lock
tmpfs           1.7G   13M  1.7G   1% /tmp
/dev/sr0        100M  100M     0 100% /media/sysadmin/CDROM
tmpfs           1.0M     0  1.0M   0% /run/credentials/systemd-journald.service
tmpfs           1.0M     0  1.0M   0% /run/credentials/systemd-resolved.service
tmpfs           336M  136K  336M   1% /run/user/1000
The below information was taken on Thu Oct 16 04:31:01 PM EDT 2025
Uptime:
 16:31:01 up  7:59,  2 users,  load average: 1.21, 1.03, 1.05
Memory Usage:
               total        used        free      shared  buff/cache   available
Mem:           3.3Gi       2.0Gi       306Mi        82Mi       1.1Gi       1.3Gi
Swap:          3.2Gi        52Mi       3.2Gi
Disk Usage:
Filesystem      Size  Used Avail Use% Mounted on
tmpfs           336M  2.4M  334M   1% /run
/dev/sda2        20G   11G  8.0G  58% /
tmpfs           1.7G     0  1.7G   0% /dev/shm
tmpfs           5.0M  8.0K  5.0M   1% /run/lock
tmpfs           1.7G   13M  1.7G   1% /tmp
/dev/sr0        100M  100M     0 100% /media/sysadmin/CDROM
tmpfs           1.0M     0  1.0M   0% /run/credentials/systemd-journald.service
tmpfs           1.0M     0  1.0M   0% /run/credentials/systemd-resolved.service
tmpfs           336M  140K  336M   1% /run/user/1000
The below information was taken on Thu Oct 16 04:32:01 PM EDT 2025
Uptime:
 16:32:01 up  8:00,  2 users,  load average: 0.89, 0.99, 1.04
Memory Usage:
               total        used        free      shared  buff/cache   available
Mem:           3.3Gi       1.9Gi       363Mi        82Mi       1.1Gi       1.4Gi
Swap:          3.2Gi        52Mi       3.2Gi
Disk Usage:
Filesystem      Size  Used Avail Use% Mounted on
tmpfs           336M  2.4M  334M   1% /run
/dev/sda2        20G   11G  8.0G  58% /
tmpfs           1.7G     0  1.7G   0% /dev/shm
tmpfs           5.0M  8.0K  5.0M   1% /run/lock
tmpfs           1.7G   13M  1.7G   1% /tmp
/dev/sr0        100M  100M     0 100% /media/sysadmin/CDROM
tmpfs           1.0M     0  1.0M   0% /run/credentials/systemd-journald.service
tmpfs           1.0M     0  1.0M   0% /run/credentials/systemd-resolved.service
tmpfs           336M  144K  336M   1% /run/user/1000
The below information was taken on Thu Oct 16 04:33:01 PM EDT 2025
Uptime:
 16:33:01 up  8:01,  2 users,  load average: 0.44, 0.85, 0.98
Memory Usage:
               total        used        free      shared  buff/cache   available
Mem:           3.3Gi       1.9Gi       391Mi        82Mi       1.1Gi       1.4Gi
Swap:          3.2Gi        52Mi       3.2Gi
Disk Usage:
Filesystem      Size  Used Avail Use% Mounted on
tmpfs           336M  2.4M  334M   1% /run
/dev/sda2        20G   11G  8.0G  58% /
tmpfs           1.7G     0  1.7G   0% /dev/shm
tmpfs           5.0M  8.0K  5.0M   1% /run/lock
tmpfs           1.7G   13M  1.7G   1% /tmp
/dev/sr0        100M  100M     0 100% /media/sysadmin/CDROM
tmpfs           1.0M     0  1.0M   0% /run/credentials/systemd-journald.service
tmpfs           1.0M     0  1.0M   0% /run/credentials/systemd-resolved.service
tmpfs           336M  148K  336M   1% /run/user/1000
The below information was taken on Thu Oct 16 04:34:01 PM EDT 2025
Uptime:
 16:34:01 up  8:02,  2 users,  load average: 0.94, 0.97, 1.02
Memory Usage:
               total        used        free      shared  buff/cache   available
Mem:           3.3Gi       1.9Gi       224Mi        82Mi       1.3Gi       1.4Gi
Swap:          3.2Gi        52Mi       3.2Gi
Disk Usage:
Filesystem      Size  Used Avail Use% Mounted on
tmpfs           336M  2.4M  334M   1% /run
/dev/sda2        20G   11G  8.0G  58% /
tmpfs           1.7G     0  1.7G   0% /dev/shm
tmpfs           5.0M  8.0K  5.0M   1% /run/lock
tmpfs           1.7G   13M  1.7G   1% /tmp
/dev/sr0        100M  100M     0 100% /media/sysadmin/CDROM
tmpfs           1.0M     0  1.0M   0% /run/credentials/systemd-journald.service
tmpfs           1.0M     0  1.0M   0% /run/credentials/systemd-resolved.service
tmpfs           336M  144K  336M   1% /run/user/1000
The below information was taken on Thu Oct 16 04:35:01 PM EDT 2025
Uptime:
 16:35:01 up  8:03,  2 users,  load average: 0.40, 0.81, 0.96
Memory Usage:
               total        used        free      shared  buff/cache   available
Mem:           3.3Gi       1.9Gi       223Mi        82Mi       1.3Gi       1.4Gi
Swap:          3.2Gi        52Mi       3.2Gi
Disk Usage:
Filesystem      Size  Used Avail Use% Mounted on
tmpfs           336M  2.4M  334M   1% /run
/dev/sda2        20G   11G  8.0G  58% /
tmpfs           1.7G     0  1.7G   0% /dev/shm
tmpfs           5.0M  8.0K  5.0M   1% /run/lock
tmpfs           1.7G   13M  1.7G   1% /tmp
/dev/sr0        100M  100M     0 100% /media/sysadmin/CDROM
tmpfs           1.0M     0  1.0M   0% /run/credentials/systemd-journald.service
tmpfs           1.0M     0  1.0M   0% /run/credentials/systemd-resolved.service
tmpfs           336M  144K  336M   1% /run/user/1000
The below information was taken on Thu Oct 16 04:36:01 PM EDT 2025
Uptime:
 16:36:01 up  8:04,  2 users,  load average: 0.74, 0.79, 0.94
Memory Usage:
               total        used        free      shared  buff/cache   available
Mem:           3.3Gi       2.0Gi       141Mi        82Mi       1.3Gi       1.3Gi
Swap:          3.2Gi        52Mi       3.2Gi
Disk Usage:
Filesystem      Size  Used Avail Use% Mounted on
tmpfs           336M  2.4M  334M   1% /run
/dev/sda2        20G   11G  8.0G  58% /
tmpfs           1.7G     0  1.7G   0% /dev/shm
tmpfs           5.0M  8.0K  5.0M   1% /run/lock
tmpfs           1.7G   13M  1.7G   1% /tmp
/dev/sr0        100M  100M     0 100% /media/sysadmin/CDROM
tmpfs           1.0M     0  1.0M   0% /run/credentials/systemd-journald.service
tmpfs           1.0M     0  1.0M   0% /run/credentials/systemd-resolved.service
tmpfs           336M  144K  336M   1% /run/user/1000
The below information was taken on Thu Oct 16 04:37:01 PM EDT 2025
Uptime:
 16:37:01 up  8:05,  2 users,  load average: 0.57, 0.74, 0.91
Memory Usage:
               total        used        free      shared  buff/cache   available
Mem:           3.3Gi       2.0Gi       132Mi        82Mi       1.3Gi       1.3Gi
Swap:          3.2Gi        52Mi       3.2Gi
Disk Usage:
Filesystem      Size  Used Avail Use% Mounted on
tmpfs           336M  2.4M  334M   1% /run
/dev/sda2        20G   11G  8.0G  58% /
tmpfs           1.7G     0  1.7G   0% /dev/shm
tmpfs           5.0M  8.0K  5.0M   1% /run/lock
tmpfs           1.7G   13M  1.7G   1% /tmp
/dev/sr0        100M  100M     0 100% /media/sysadmin/CDROM
tmpfs           1.0M     0  1.0M   0% /run/credentials/systemd-journald.service
tmpfs           1.0M     0  1.0M   0% /run/credentials/systemd-resolved.service
tmpfs           336M  144K  336M   1% /run/user/1000
The below information was taken on Thu Oct 16 04:38:02 PM EDT 2025
Uptime:
 16:38:02 up  8:06,  2 users,  load average: 0.60, 0.68, 0.88
Memory Usage:
               total        used        free      shared  buff/cache   available
Mem:           3.3Gi       2.0Gi       127Mi        82Mi       1.3Gi       1.3Gi
Swap:          3.2Gi        52Mi       3.2Gi
Disk Usage:
Filesystem      Size  Used Avail Use% Mounted on
tmpfs           336M  2.4M  334M   1% /run
/dev/sda2        20G   11G  8.0G  58% /
tmpfs           1.7G     0  1.7G   0% /dev/shm
tmpfs           5.0M  8.0K  5.0M   1% /run/lock
tmpfs           1.7G   13M  1.7G   1% /tmp
/dev/sr0        100M  100M     0 100% /media/sysadmin/CDROM
tmpfs           1.0M     0  1.0M   0% /run/credentials/systemd-journald.service
tmpfs           1.0M     0  1.0M   0% /run/credentials/systemd-resolved.service
tmpfs           336M  144K  336M   1% /run/user/1000
